[afinda.vn/html/Ogami/homepage05.html]
[backblue.gif]
[fade.gif]
[index.html]
[afinda.vn/html/Ogami/assets/css/style.css]
[afinda.vn/html/Ogami/assets/css/custom_bootstrap.css]
[afinda.vn/html/Ogami/assets/css/normalize.css]
[afinda.vn/html/Ogami/assets/css/fontawesome.css]
[afinda.vn/html/Ogami/assets/css/elegant.css]
[afinda.vn/html/Ogami/assets/css/animate.css]
[afinda.vn/html/Ogami/assets/css/slick.css]
[afinda.vn/html/Ogami/assets/css/icomoon.css]
[afinda.vn/html/Ogami/assets/css/jquery.fancybox.min.css]
[afinda.vn/html/Ogami/assets/images/shortcut_logo.png]
[afinda.vn/html/Ogami/assets/images/homepage01/usa.jpg]
[afinda.vn/html/Ogami/login.html]
[afinda.vn/html/Ogami/index.html]
[afinda.vn/html/Ogami/assets/images/logo.png]
[afinda.vn/html/Ogami/homepage02.html]
[afinda.vn/html/Ogami/homepage03.html]
[afinda.vn/html/Ogami/homepage04.html]
[afinda.vn/html/Ogami/shop_grid+list_3col.html]
[afinda.vn/html/Ogami/shop_grid+list_fullwidth.html]
[afinda.vn/html/Ogami/shop_detail_fullwidth.html]
[afinda.vn/html/Ogami/shop_detail.html]
[afinda.vn/html/Ogami/shop_checkout.html]
[afinda.vn/html/Ogami/shop_order_complete.html]
[afinda.vn/html/Ogami/shop_wishlist.html]
[afinda.vn/html/Ogami/shop_compare.html]
[afinda.vn/html/Ogami/shop_cart.html]
[afinda.vn/html/Ogami/blog_list_sidebar.html]
[afinda.vn/html/Ogami/blog_grid_2col.html]
[afinda.vn/html/Ogami/blog_grid_sidebar.html]
[afinda.vn/html/Ogami/blog_masonry.html]
[afinda.vn/html/Ogami/blog_grid_1col.html]
[afinda.vn/html/Ogami/blog_detail_sidebar.html]
[afinda.vn/html/Ogami/register.html]
[afinda.vn/html/Ogami/faq.html]
[afinda.vn/html/Ogami/coming_soon.html]
[afinda.vn/html/Ogami/contact_us.html]
[afinda.vn/html/Ogami/404_error.html]
[afinda.vn/html/Ogami/about_us.html]
[afinda.vn/html/Ogami/wishlist.html]
[afinda.vn/html/Ogami/assets/images/homepage04/benefit-icon1.png]
[afinda.vn/html/Ogami/assets/images/homepage04/benefit-icon2.png]
[afinda.vn/html/Ogami/assets/images/homepage04/benefit-icon3.png]
[afinda.vn/html/Ogami/assets/images/homepage05/banner_group_bg_1.png]
[afinda.vn/html/Ogami/assets/images/homepage05/banner_group_img_1.png]
[afinda.vn/html/Ogami/assets/images/homepage05/banner_group_bg_2.png]
[afinda.vn/html/Ogami/assets/images/homepage05/banner_group_img_2.png]
[afinda.vn/html/Ogami/assets/images/homepage05/banner_group_bg_3.png]
[afinda.vn/html/Ogami/assets/images/homepage05/banner_group_img_3.png]
[afinda.vn/html/Ogami/assets/images/homepage05/banner_group_bg_4.png]
[afinda.vn/html/Ogami/assets/images/homepage05/banner_group_img_4.png]
[afinda.vn/html/Ogami/assets/images/product/product01.png]
[afinda.vn/html/Ogami/assets/images/product/product02.png]
[afinda.vn/html/Ogami/assets/images/product/product03.png]
[afinda.vn/html/Ogami/assets/images/product/product04.png]
[afinda.vn/html/Ogami/assets/images/product/product05.png]
[afinda.vn/html/Ogami/assets/images/product/product06.png]
[afinda.vn/html/Ogami/assets/images/product/product07.png]
[afinda.vn/html/Ogami/assets/images/product/product08.png]
[afinda.vn/html/Ogami/assets/images/homepage05/weel_deal_img.png]
[afinda.vn/html/Ogami/assets/images/product/product13.png]
[afinda.vn/html/Ogami/assets/images/product/product14.png]
[afinda.vn/html/Ogami/assets/images/product/product15.png]
[afinda.vn/html/Ogami/assets/images/product/product09.png]
[afinda.vn/html/Ogami/assets/images/partner/partner_01.png]
[afinda.vn/html/Ogami/assets/images/partner/partner_02.png]
[afinda.vn/html/Ogami/assets/images/homepage04/blog_img_1.png]
[afinda.vn/html/Ogami/assets/images/homepage04/blog_img_2.png]
[afinda.vn/html/Ogami/assets/images/homepage04/blog_img_3.png]
[afinda.vn/html/Ogami/assets/images/homepage04/blog_img_4.png]
[afinda.vn/html/Ogami/checkout.47.delayed]
[afinda.vn/html/Ogami/contact.html]
[afinda.vn/html/Ogami/assets/images/payment.png]
[cdnjs.cloudflare.com/ajax/libs/jquery/3.3.1/jquery.min.js]
[afinda.vn/html/Ogami/assets/js/jquery-ui.min.js]
[afinda.vn/html/Ogami/assets/js/jquery.countdown.min.js]
[afinda.vn/html/Ogami/assets/js/slick.min.js]
[afinda.vn/html/Ogami/assets/js/jquery.easing.js]
[afinda.vn/html/Ogami/assets/js/jquery.scrollUp.min.js]
[afinda.vn/html/Ogami/assets/js/jquery.zoom.min.js]
[afinda.vn/html/Ogami/assets/js/parallax.js]
[afinda.vn/html/Ogami/assets/js/jquery.fancybox.js]
[afinda.vn/html/Ogami/assets/js/numscroller-1.0.js]
[afinda.vn/html/Ogami/assets/js/vanilla-tilt.min.js]
[afinda.vn/html/Ogami/homepage05.html]
[afinda.vn/html/Ogami/assets/js/main.js]
[afinda.vn/html/Ogami/assets/fonts/Cera Pro Thin.otf]
[afinda.vn/html/Ogami/assets/fonts/Cera Pro Thin Italic.otf]
[afinda.vn/html/Ogami/assets/fonts/Cera Pro Light Italic.59.delayed]
[afinda.vn/html/Ogami/assets/fonts/Cera Pro Regular.otf]
[afinda.vn/html/Ogami/assets/fonts/Cera Pro Regular Italic.otf]
[afinda.vn/html/Ogami/assets/fonts/Cera Pro Medium.otf]
[afinda.vn/html/Ogami/assets/fonts/Cera Pro Medium Italic.otf]
[afinda.vn/html/Ogami/assets/fonts/Cera Pro Bold.otf]
[afinda.vn/html/Ogami/assets/fonts/Cera Pro Bold Italic.otf]
[afinda.vn/html/Ogami/assets/fonts/Cera Pro Black.otf]
[afinda.vn/html/Ogami/assets/images/homepage03/banner_bg.jpg]
[afinda.vn/html/Ogami/assets/images/homepage05/banner_bg.png]
[afinda.vn/html/Ogami/assets/images/homepage02/dow_banner.jpg]
[afinda.vn/html/Ogami/assets/images/homepage04/parallax-home4_2.jpg]
[afinda.vn/html/Ogami/assets/images/homepage03/quick_banner_1_bg.jpg]
[afinda.vn/html/Ogami/assets/images/homepage03/quick_banner_2_bg.jpg]
[afinda.vn/html/Ogami/assets/images/homepage03/quick_banner_3_bg.jpg]
[afinda.vn/html/Ogami/assets/images/homepage04/introduce_bg.png]
[afinda.vn/html/Ogami/assets/images/homepage04/parallax-home4.jpg]
[afinda.vn/html/Ogami/assets/images/homepage04/step_icon.png]
[afinda.vn/html/Ogami/assets/images/pages/wcu_bg.png]
[afinda.vn/html/Ogami/assets/images/pages/coming_soon_bg.png]
[afinda.vn/html/Ogami/assets/css/style.css]
[afinda.vn/html/Ogami/assets/css/custom_bootstrap.css]
[afinda.vn/html/Ogami/assets/css/normalize.css]
[afinda.vn/html/Ogami/assets/fonts/fa-brands-400.eot]
[afinda.vn/html/Ogami/assets/fonts/fa-brands-400.woff2]
[afinda.vn/html/Ogami/assets/fonts/fa-brands-400d41d.eot]
[afinda.vn/html/Ogami/assets/fonts/fa-brands-400.woff]
[afinda.vn/html/Ogami/assets/fonts/fa-brands-400.ttf]
[afinda.vn/html/Ogami/assets/fonts/fa-regular-400.eot]
[afinda.vn/html/Ogami/assets/fonts/fa-brands-400.svg]
[afinda.vn/html/Ogami/assets/fonts/fa-regular-400d41d.eot]
[afinda.vn/html/Ogami/assets/fonts/fa-regular-400.woff2]
[afinda.vn/html/Ogami/assets/fonts/fa-regular-400.woff]
[afinda.vn/html/Ogami/assets/fonts/fa-regular-400.ttf]
[afinda.vn/html/Ogami/assets/fonts/fa-regular-400.svg]
[afinda.vn/html/Ogami/assets/fonts/fa-solid-900.eot]
[afinda.vn/html/Ogami/assets/fonts/fa-solid-900.woff2]
[afinda.vn/html/Ogami/assets/fonts/fa-solid-900d41d.eot]
[afinda.vn/html/Ogami/assets/fonts/fa-solid-900.woff]
[afinda.vn/html/Ogami/assets/fonts/fa-solid-900.ttf]
[afinda.vn/html/Ogami/assets/css/fontawesome.css]
[afinda.vn/html/Ogami/assets/fonts/fa-solid-900.svg]
[afinda.vn/html/Ogami/assets/fonts/ElegantIcons.eot]
[afinda.vn/html/Ogami/assets/fonts/ElegantIconsd41d.eot]
[afinda.vn/html/Ogami/assets/fonts/ElegantIcons.woff]
[afinda.vn/html/Ogami/assets/fonts/ElegantIcons.ttf]
[afinda.vn/html/Ogami/assets/css/elegant.css]
[afinda.vn/html/Ogami/assets/css/animate.css]
[afinda.vn/html/Ogami/assets/css/slick.css]
[afinda.vn/html/Ogami/assets/css/scroll.css]
[afinda.vn/html/Ogami/assets/fonts/icomoon357c.eot]
[afinda.vn/html/Ogami/assets/fonts/ElegantIcons.svg]
[afinda.vn/html/Ogami/assets/fonts/icomoon357c.ttf]
[afinda.vn/html/Ogami/assets/fonts/icomoon357c.woff]
[afinda.vn/html/Ogami/assets/css/icomoon.css]
[afinda.vn/html/Ogami/assets/css/jquery.fancybox.min.css]
[code.jquery.com/ui/1.12.1/themes/base/jquery-ui.css]
[afinda.vn/html/Ogami/assets/fonts/icomoon357c.svg]
[afinda.vn/html/Ogami/login.html]
[afinda.vn/html/Ogami/FAQ-2.html]
[afinda.vn/html/Ogami/assets/images/homepage01/slider_background_1.png]
[afinda.vn/html/Ogami/assets/images/homepage01/slider_subbackground_1.png]
[afinda.vn/html/Ogami/assets/images/homepage01/slider_img_1.png]
[afinda.vn/html/Ogami/assets/images/homepage01/slider_background_2.jpg]
[afinda.vn/html/Ogami/assets/images/homepage01/slider_img_2.png]
[afinda.vn/html/Ogami/assets/images/homepage01/benefit-icon1.png]
[afinda.vn/html/Ogami/assets/images/homepage01/benefit-icon2.png]
[afinda.vn/html/Ogami/assets/images/homepage01/benefit-icon3.png]
[afinda.vn/html/Ogami/assets/images/homepage01/item_category_1.png]
[afinda.vn/html/Ogami/assets/images/homepage01/item_img_1.png]
[afinda.vn/html/Ogami/assets/images/homepage01/item_category_2.png]
[afinda.vn/html/Ogami/assets/images/homepage01/item_img_2.png]
[afinda.vn/html/Ogami/assets/images/homepage01/item_category_3.png]
[afinda.vn/html/Ogami/assets/images/homepage01/item_img_3.png]
[afinda.vn/html/Ogami/assets/images/homepage01/item_category_4.png]
[afinda.vn/html/Ogami/assets/images/homepage01/item_img_4.png]
[afinda.vn/html/Ogami/assets/images/homepage01/banner_1.png]
[afinda.vn/html/Ogami/assets/images/homepage01/banner_img_1.png]
[afinda.vn/html/Ogami/assets/images/homepage01/banner_2.png]
[afinda.vn/html/Ogami/assets/images/homepage01/banner_img_2.png]
[afinda.vn/html/Ogami/assets/images/homepage01/banner_3.png]
[afinda.vn/html/Ogami/assets/images/homepage01/banner_img_3.png]
[afinda.vn/html/Ogami/assets/images/homepage01/dow_icon_1.png]
[afinda.vn/html/Ogami/assets/images/homepage01/dow_icon_2.png]
[afinda.vn/html/Ogami/assets/images/homepage01/deal-of-week.png]
[afinda.vn/html/Ogami/assets/images/homepage01/dow_icon_3.png]
[afinda.vn/html/Ogami/assets/images/homepage01/dow_icon_4.png]
[afinda.vn/html/Ogami/index.html]
[afinda.vn/html/Ogami/assets/images/homepage02/banner_01.jpg]
[afinda.vn/html/Ogami/assets/images/homepage02/banner_02.jpg]
[afinda.vn/html/Ogami/assets/images/homepage02/banner_03.jpg]
[afinda.vn/html/Ogami/assets/images/product/product10.png]
[afinda.vn/html/Ogami/assets/images/product/product11.png]
[afinda.vn/html/Ogami/assets/images/product/product12.png]
[afinda.vn/html/Ogami/assets/images/homepage01/benefit-icon4.png]
[afinda.vn/html/Ogami/assets/images/homepage02/dow_img.png]
[afinda.vn/html/Ogami/assets/images/product/product16.png]
[afinda.vn/html/Ogami/assets/images/product/product17.png]
[afinda.vn/html/Ogami/assets/images/product/product18.png]
[afinda.vn/html/Ogami/assets/images/product/product19.png]
[afinda.vn/html/Ogami/assets/images/product/product20.png]
[afinda.vn/html/Ogami/assets/images/product/product21.png]
[afinda.vn/html/Ogami/assets/images/product/product22.png]
[afinda.vn/html/Ogami/assets/images/homepage02/quick_banner_img_01.png]
[afinda.vn/html/Ogami/assets/images/homepage02/quick_banner_img_02.png]
[afinda.vn/html/Ogami/homepage02.html]
[afinda.vn/html/Ogami/assets/images/homepage03/banner_img.png]
[afinda.vn/html/Ogami/assets/images/homepage02/benefit-icon1.png]
[afinda.vn/html/Ogami/assets/images/homepage02/benefit-icon2.png]
[afinda.vn/html/Ogami/assets/images/homepage02/benefit-icon3.png]
[afinda.vn/html/Ogami/assets/images/homepage02/benefit-icon4.png]
[afinda.vn/html/Ogami/assets/images/homepage03/customer_img_1.png]
[afinda.vn/html/Ogami/assets/images/homepage03/quick_banner_1_img.png]
[afinda.vn/html/Ogami/assets/images/homepage03/quick_banner_2_img.png]
[afinda.vn/html/Ogami/homepage03.html]
[afinda.vn/html/Ogami/assets/images/logo_white.png]
[afinda.vn/html/Ogami/assets/images/homepage04/slider_bg.png]
[afinda.vn/html/Ogami/assets/images/homepage04/slider_img.png]
[afinda.vn/html/Ogami/assets/images/homepage04/slider_bg_2.png]
[afinda.vn/html/Ogami/assets/images/homepage04/introduce_img.png]
[afinda.vn/html/Ogami/assets/images/homepage04/signature.png]
[afinda.vn/html/Ogami/assets/images/homepage04/process_icon_1.png]
[afinda.vn/html/Ogami/assets/images/homepage04/process_icon_2.png]
[afinda.vn/html/Ogami/assets/images/homepage04/process_icon_3.png]
[afinda.vn/html/Ogami/assets/images/homepage04/process_icon_4.png]
[afinda.vn/html/Ogami/assets/images/homepage04/dow_icon_1.png]
[afinda.vn/html/Ogami/assets/images/homepage04/dow_icon_2.png]
[afinda.vn/html/Ogami/assets/images/homepage04/wcu_img.png]
[afinda.vn/html/Ogami/assets/images/homepage04/dow_icon_3.png]
[afinda.vn/html/Ogami/assets/images/homepage04/dow_icon_4.png]
[afinda.vn/html/Ogami/homepage04.html]
[afinda.vn/html/Ogami/shop__detail.html]
[afinda.vn/html/Ogami/shop_grid+list_3col.html]
[afinda.vn/html/Ogami/assets/images/product/product23.png]
[afinda.vn/html/Ogami/assets/images/product/product24.png]
[afinda.vn/html/Ogami/assets/images/product/product25.png]
[afinda.vn/html/Ogami/shop_grid+list_fullwidth.html]
[afinda.vn/html/Ogami/assets/images/shop/zoom_img_1.png]
[afinda.vn/html/Ogami/assets/images/shop/zoom_img_2.png]
[afinda.vn/html/Ogami/assets/images/shop/zoom_img_3.png]
[afinda.vn/html/Ogami/product_grid+list_3col.html]
[afinda.vn/html/Ogami/assets/images/shop/shop_detail_full_img.png]
[afinda.vn/html/Ogami/assets/images/shop/reviewer_01.png]
[afinda.vn/html/Ogami/assets/images/shop/reviewer_02.png]
[afinda.vn/html/Ogami/shop_detail_fullwidth.html]
[afinda.vn/html/Ogami/assets/images/shop/shop_detail_img.png]
[afinda.vn/html/Ogami/assets/images/shop/shop_detail_img_2.png]
[afinda.vn/html/Ogami/shop_detail.html]
[afinda.vn/html/Ogami/shop_checkout.html]
[afinda.vn/html/Ogami/shop_order_complete.html]
[afinda.vn/html/Ogami/shop_wishlist.html]
[afinda.vn/html/Ogami/shop_compare.html]
[afinda.vn/html/Ogami/shop_cart.html]
[afinda.vn/html/Ogami/assets/images/blog/mini_blog_img_1.png]
[afinda.vn/html/Ogami/assets/images/blog/mini_blog_img_2.png]
[afinda.vn/html/Ogami/assets/images/blog/mini_blog_img_3.png]
[afinda.vn/html/Ogami/assets/images/blog/mini_blog_img_4.png]
[afinda.vn/html/Ogami/assets/images/blog/list_img_1.png]
[afinda.vn/html/Ogami/assets/images/blog/list_img_2.png]
[afinda.vn/html/Ogami/assets/images/blog/list_img_3.png]
[afinda.vn/html/Ogami/assets/images/blog/list_img_4.png]
[afinda.vn/html/Ogami/blog_list_sidebar.html]
[afinda.vn/html/Ogami/assets/images/blog/list_img_5.png]
[afinda.vn/html/Ogami/assets/images/blog/list_img_6.png]
[afinda.vn/html/Ogami/blog_grid_2col.html]
[afinda.vn/html/Ogami/blog_grid_sidebar.html]
[afinda.vn/html/Ogami/assets/images/blog/masonry_img_1.png]
[afinda.vn/html/Ogami/assets/images/blog/masonry_img_4.png]
[afinda.vn/html/Ogami/assets/images/blog/masonry_img_2.png]
[afinda.vn/html/Ogami/assets/images/blog/masonry_img_5.png]
[afinda.vn/html/Ogami/assets/images/blog/masonry_img_3.png]
[afinda.vn/html/Ogami/assets/images/blog/masonry_img_6.png]
[afinda.vn/html/Ogami/blog_masonry.html]
[afinda.vn/html/Ogami/blog_grid_1col.html]
[afinda.vn/html/Ogami/blog_detail_sidebar.html]
[afinda.vn/html/Ogami/register.html]
[afinda.vn/html/Ogami/faq.html]
[afinda.vn/html/Ogami/coming_soon.html]
[afinda.vn/html/Ogami/contact_us.html]
[afinda.vn/html/Ogami/assets/images/pages/404_img.png]
[afinda.vn/html/Ogami/404_error.html]
[afinda.vn/html/Ogami/assets/images/pages/video_play.png]
[afinda.vn/html/Ogami/assets/images/pages/about_us_icon_2.png]
[afinda.vn/html/Ogami/assets/images/pages/about_us_icon_3.png]
[afinda.vn/html/Ogami/assets/images/pages/wcu_img.png]
[afinda.vn/html/Ogami/assets/images/pages/farmer_1.png]
[afinda.vn/html/Ogami/assets/images/pages/farmer_2.png]
[afinda.vn/html/Ogami/assets/images/pages/farmer_3.png]
[afinda.vn/html/Ogami/about_us.html]
[afinda.vn/html/Ogami/wishlist.html]
[afinda.vn/html/Ogami/checkout.html]
[afinda.vn/html/Ogami/contact.html]
[afinda.vn/html/Ogami/assets/fonts/Cera Pro Light Italic.html]
[afinda.vn/html/Ogami/assets/images/arrow_carrot-down.svg]
[afinda.vn/html/Ogami/assets/images/blog/icon_search2.svg]
[afinda.vn/html/Ogami/assets/fonts/fa-brands-400.svg]
[afinda.vn/html/Ogami/assets/fonts/fa-regular-400.svg]
[afinda.vn/html/Ogami/assets/fonts/Cera Pro Light.otf]
[afinda.vn/html/Ogami/assets/fonts/fa-solid-900.svg]
[afinda.vn/html/Ogami/assets/fonts/ElegantIcons.svg]
[afinda.vn/html/Ogami/assets/fonts/icomoon357c.svg]
[code.jquery.com/ui/1.12.1/themes/base/images/ui-icons_444444_256x240.png]
[code.jquery.com/ui/1.12.1/themes/base/images/ui-icons_555555_256x240.png]
[code.jquery.com/ui/1.12.1/themes/base/images/ui-icons_ffffff_256x240.png]
[code.jquery.com/ui/1.12.1/themes/base/images/ui-icons_777620_256x240.png]
[code.jquery.com/ui/1.12.1/themes/base/images/ui-icons_cc0000_256x240.png]
[code.jquery.com/ui/1.12.1/themes/base/images/ui-icons_777777_256x240.png]
[code.jquery.com/ui/1.12.1/themes/base/jquery-ui.css]
[afinda.vn/html/Ogami/FAQ-2.html]
[afinda.vn/html/Ogami/shop__detail.html]
[afinda.vn/html/Ogami/product_grid+list_3col.html]
[afinda.vn/html/Ogami/assets/images/pages/about_us_icon_1.png]
[afinda.vn/html/Ogami/assets/images/homepage03/quick_banner_3_img.png]
